<html>
<body>
<pre>
<h1>µVision Build Log</h1>
<h2>Project:</h2>
D:\Development\Sandbox\ARM\MFC\Project\RVMDK£¨uv4£©\iSO-STM32.uvproj
Project File Date:  12/06/2016

<h2>Output:</h2>
Rebuild target 'adc£¨DMA£©'
assembling startup_stm32f10x_hd.s...
compiling core_cm3.c...
compiling system_stm32f10x.c...
compiling misc.c...
compiling stm32f10x_adc.c...
compiling stm32f10x_bkp.c...
compiling stm32f10x_can.c...
compiling stm32f10x_cec.c...
compiling stm32f10x_crc.c...
compiling stm32f10x_dac.c...
compiling stm32f10x_dbgmcu.c...
compiling stm32f10x_dma.c...
compiling stm32f10x_exti.c...
compiling stm32f10x_flash.c...
compiling stm32f10x_fsmc.c...
compiling stm32f10x_gpio.c...
compiling stm32f10x_i2c.c...
compiling stm32f10x_iwdg.c...
compiling stm32f10x_pwr.c...
compiling stm32f10x_rcc.c...
compiling stm32f10x_rtc.c...
compiling stm32f10x_sdio.c...
compiling stm32f10x_spi.c...
compiling stm32f10x_tim.c...
compiling stm32f10x_usart.c...
compiling stm32f10x_wwdg.c...
compiling main.c...
..\..\User\main.c(31): error:  #5: cannot open source input file "bsp_led.h": No such file or directory
compiling stm32f10x_it.c...
compiling mfc_adc.c...
compiling mfc_usart1.c...
compiling mfc_pid.c...
compiling mfc_pwm.c...
compiling bsp_led.c...
compiling bsp_TiMbase.c...
"..\..\Output\Template.axf" - 1 Errors, 0 Warning(s).
Target not created
Rebuild target 'adc£¨DMA£©'
assembling startup_stm32f10x_hd.s...
compiling core_cm3.c...
compiling system_stm32f10x.c...
compiling misc.c...
compiling stm32f10x_adc.c...
compiling stm32f10x_bkp.c...
compiling stm32f10x_can.c...
compiling stm32f10x_cec.c...
compiling stm32f10x_crc.c...
compiling stm32f10x_dac.c...
compiling stm32f10x_dbgmcu.c...
compiling stm32f10x_dma.c...
compiling stm32f10x_exti.c...
compiling stm32f10x_flash.c...
compiling stm32f10x_fsmc.c...
compiling stm32f10x_gpio.c...
compiling stm32f10x_i2c.c...
compiling stm32f10x_iwdg.c...
compiling stm32f10x_pwr.c...
compiling stm32f10x_rcc.c...
compiling stm32f10x_rtc.c...
compiling stm32f10x_sdio.c...
compiling stm32f10x_spi.c...
compiling stm32f10x_tim.c...
compiling stm32f10x_usart.c...
compiling stm32f10x_wwdg.c...
compiling main.c...
..\..\User\main.c(55): warning:  #223-D: function "TIM4_Configuration" declared implicitly
..\..\User\main.c(58): warning:  #223-D: function "TIM4_NVIC_Configuration" declared implicitly
compiling stm32f10x_it.c...
compiling mfc_adc.c...
compiling mfc_usart1.c...
compiling mfc_pid.c...
compiling mfc_pwm.c...
compiling bsp_led.c...
compiling bsp_TiMbase.c...
linking...
Program Size: Code=15772 RO-data=460 RW-data=76 ZI-data=1092  
FromELF: creating hex file...
"..\..\Output\Template.axf" - 0 Errors, 2 Warning(s).
Rebuild target 'adc£¨DMA£©'
assembling startup_stm32f10x_hd.s...
compiling core_cm3.c...
compiling system_stm32f10x.c...
compiling misc.c...
compiling stm32f10x_adc.c...
compiling stm32f10x_bkp.c...
compiling stm32f10x_can.c...
compiling stm32f10x_cec.c...
compiling stm32f10x_crc.c...
compiling stm32f10x_dac.c...
compiling stm32f10x_dbgmcu.c...
compiling stm32f10x_dma.c...
compiling stm32f10x_exti.c...
compiling stm32f10x_flash.c...
compiling stm32f10x_fsmc.c...
compiling stm32f10x_gpio.c...
compiling stm32f10x_i2c.c...
compiling stm32f10x_iwdg.c...
compiling stm32f10x_pwr.c...
compiling stm32f10x_rcc.c...
compiling stm32f10x_rtc.c...
compiling stm32f10x_sdio.c...
compiling stm32f10x_spi.c...
compiling stm32f10x_tim.c...
compiling stm32f10x_usart.c...
compiling stm32f10x_wwdg.c...
compiling main.c...
compiling stm32f10x_it.c...
compiling mfc_adc.c...
compiling mfc_usart1.c...
compiling mfc_pid.c...
compiling mfc_pwm.c...
compiling bsp_led.c...
compiling bsp_TiMbase.c...
linking...
Program Size: Code=15772 RO-data=460 RW-data=76 ZI-data=1092  
FromELF: creating hex file...
"..\..\Output\Template.axf" - 0 Errors, 0 Warning(s).
Rebuild target 'adc£¨DMA£©'
assembling startup_stm32f10x_hd.s...
compiling core_cm3.c...
compiling system_stm32f10x.c...
compiling misc.c...
compiling stm32f10x_adc.c...
compiling stm32f10x_bkp.c...
compiling stm32f10x_can.c...
compiling stm32f10x_cec.c...
compiling stm32f10x_crc.c...
compiling stm32f10x_dac.c...
compiling stm32f10x_dbgmcu.c...
compiling stm32f10x_dma.c...
compiling stm32f10x_exti.c...
compiling stm32f10x_flash.c...
compiling stm32f10x_fsmc.c...
compiling stm32f10x_gpio.c...
compiling stm32f10x_i2c.c...
compiling stm32f10x_iwdg.c...
compiling stm32f10x_pwr.c...
compiling stm32f10x_rcc.c...
compiling stm32f10x_rtc.c...
compiling stm32f10x_sdio.c...
compiling stm32f10x_spi.c...
compiling stm32f10x_tim.c...
compiling stm32f10x_usart.c...
compiling stm32f10x_wwdg.c...
compiling main.c...
compiling stm32f10x_it.c...
compiling mfc_adc.c...
compiling mfc_usart1.c...
compiling mfc_pid.c...
compiling mfc_pwm.c...
compiling bsp_led.c...
compiling bsp_TiMbase.c...
linking...
Program Size: Code=15772 RO-data=460 RW-data=76 ZI-data=1092  
FromELF: creating hex file...
"..\..\Output\Template.axf" - 0 Errors, 0 Warning(s).
Rebuild target 'adc£¨DMA£©'
assembling startup_stm32f10x_hd.s...
compiling core_cm3.c...
compiling system_stm32f10x.c...
compiling misc.c...
compiling stm32f10x_adc.c...
compiling stm32f10x_bkp.c...
compiling stm32f10x_can.c...
compiling stm32f10x_cec.c...
compiling stm32f10x_crc.c...
compiling stm32f10x_dac.c...
compiling stm32f10x_dbgmcu.c...
compiling stm32f10x_dma.c...
compiling stm32f10x_exti.c...
compiling stm32f10x_flash.c...
compiling stm32f10x_fsmc.c...
compiling stm32f10x_gpio.c...
compiling stm32f10x_i2c.c...
compiling stm32f10x_iwdg.c...
compiling stm32f10x_pwr.c...
compiling stm32f10x_rcc.c...
compiling stm32f10x_rtc.c...
compiling stm32f10x_sdio.c...
compiling stm32f10x_spi.c...
compiling stm32f10x_tim.c...
compiling stm32f10x_usart.c...
compiling stm32f10x_wwdg.c...
compiling main.c...
..\..\User\pid/mfc_pid.h(49): warning:  #1295-D: Deprecated declaration getPeriod - give arg types
compiling stm32f10x_it.c...
compiling mfc_adc.c...
compiling mfc_usart1.c...
..\..\User\usart\../pid/mfc_pid.h(49): warning:  #1295-D: Deprecated declaration getPeriod - give arg types
compiling mfc_pid.c...
..\..\User\pid\../pid/mfc_pid.h(49): warning:  #1295-D: Deprecated declaration getPeriod - give arg types
compiling mfc_pwm.c...
compiling mfc_led.c...
compiling mfc_TiMbase.c...
linking...
Program Size: Code=15808 RO-data=460 RW-data=76 ZI-data=1100  
FromELF: creating hex file...
"..\..\Output\Template.axf" - 0 Errors, 3 Warning(s).
Rebuild target 'adc£¨DMA£©'
assembling startup_stm32f10x_hd.s...
compiling core_cm3.c...
compiling system_stm32f10x.c...
compiling misc.c...
compiling stm32f10x_adc.c...
compiling stm32f10x_bkp.c...
compiling stm32f10x_can.c...
compiling stm32f10x_cec.c...
compiling stm32f10x_crc.c...
compiling stm32f10x_dac.c...
compiling stm32f10x_dbgmcu.c...
compiling stm32f10x_dma.c...
compiling stm32f10x_exti.c...
compiling stm32f10x_flash.c...
compiling stm32f10x_fsmc.c...
compiling stm32f10x_gpio.c...
compiling stm32f10x_i2c.c...
compiling stm32f10x_iwdg.c...
compiling stm32f10x_pwr.c...
compiling stm32f10x_rcc.c...
compiling stm32f10x_rtc.c...
compiling stm32f10x_sdio.c...
compiling stm32f10x_spi.c...
compiling stm32f10x_tim.c...
compiling stm32f10x_usart.c...
compiling stm32f10x_wwdg.c...
compiling main.c...
..\..\User\pid/mfc_pid.h(49): warning:  #1295-D: Deprecated declaration getPeriod - give arg types
compiling stm32f10x_it.c...
compiling mfc_adc.c...
compiling mfc_usart1.c...
..\..\User\usart\../pid/mfc_pid.h(49): warning:  #1295-D: Deprecated declaration getPeriod - give arg types
compiling mfc_pid.c...
..\..\User\pid\../pid/mfc_pid.h(49): warning:  #1295-D: Deprecated declaration getPeriod - give arg types
compiling mfc_pwm.c...
compiling mfc_led.c...
compiling mfc_TiMbase.c...
linking...
Program Size: Code=15808 RO-data=460 RW-data=76 ZI-data=1100  
FromELF: creating hex file...
"..\..\Output\Template.axf" - 0 Errors, 3 Warning(s).
Rebuild target 'adc£¨DMA£©'
assembling startup_stm32f10x_hd.s...
compiling core_cm3.c...
compiling system_stm32f10x.c...
compiling misc.c...
compiling stm32f10x_adc.c...
compiling stm32f10x_bkp.c...
compiling stm32f10x_can.c...
compiling stm32f10x_cec.c...
compiling stm32f10x_crc.c...
compiling stm32f10x_dac.c...
compiling stm32f10x_dbgmcu.c...
compiling stm32f10x_dma.c...
compiling stm32f10x_exti.c...
compiling stm32f10x_flash.c...
compiling stm32f10x_fsmc.c...
compiling stm32f10x_gpio.c...
compiling stm32f10x_i2c.c...
compiling stm32f10x_iwdg.c...
compiling stm32f10x_pwr.c...
compiling stm32f10x_rcc.c...
compiling stm32f10x_rtc.c...
compiling stm32f10x_sdio.c...
compiling stm32f10x_spi.c...
compiling stm32f10x_tim.c...
compiling stm32f10x_usart.c...
compiling stm32f10x_wwdg.c...
compiling main.c...
compiling stm32f10x_it.c...
compiling mfc_adc.c...
compiling mfc_usart1.c...
compiling mfc_pid.c...
compiling mfc_pwm.c...
compiling mfc_led.c...
compiling mfc_TiMbase.c...
linking...
Program Size: Code=15808 RO-data=460 RW-data=76 ZI-data=1100  
FromELF: creating hex file...
"..\..\Output\Template.axf" - 0 Errors, 0 Warning(s).
