<html>
<body>
<pre>
<h1>µVision Build Log</h1>
<h2>Project:</h2>
D:\Development\Sandbox\ARM\MFC\Project\RVMDK£¨uv4£©\iSO-STM32.uvproj
Project File Date:  12/04/2016

<h2>Output:</h2>
Rebuild target 'adc£¨DMA£©'
assembling startup_stm32f10x_hd.s...
compiling core_cm3.c...
compiling system_stm32f10x.c...
compiling misc.c...
compiling stm32f10x_adc.c...
compiling stm32f10x_bkp.c...
compiling stm32f10x_can.c...
compiling stm32f10x_cec.c...
compiling stm32f10x_crc.c...
compiling stm32f10x_dac.c...
compiling stm32f10x_dbgmcu.c...
compiling stm32f10x_dma.c...
compiling stm32f10x_exti.c...
compiling stm32f10x_flash.c...
compiling stm32f10x_fsmc.c...
compiling stm32f10x_gpio.c...
compiling stm32f10x_i2c.c...
compiling stm32f10x_iwdg.c...
compiling stm32f10x_pwr.c...
compiling stm32f10x_rcc.c...
compiling stm32f10x_rtc.c...
compiling stm32f10x_sdio.c...
compiling stm32f10x_spi.c...
compiling stm32f10x_tim.c...
compiling stm32f10x_usart.c...
compiling stm32f10x_wwdg.c...
compiling main.c...
..\..\User\main.c(51): warning:  #177-D: variable "pwm" was declared but never referenced
compiling stm32f10x_it.c...
..\..\User\stm32f10x_it.c(192): warning:  #177-D: variable "pwm_index" was declared but never referenced
..\..\User\stm32f10x_it.c(193): warning:  #177-D: variable "period_cnt" was declared but never referenced
compiling mfc_adc.c...
compiling mfc_usart1.c...
compiling mfc_pid.c...
..\..\User\pid\mfc_pid.c(83): warning:  #186-D: pointless comparison of unsigned integer with zero
compiling mfc_pwm.c...
linking...
Program Size: Code=15032 RO-data=336 RW-data=104 ZI-data=1080  
FromELF: creating hex file...
"..\..\Output\Template.axf" - 0 Errors, 4 Warning(s).
Rebuild target 'adc£¨DMA£©'
assembling startup_stm32f10x_hd.s...
compiling core_cm3.c...
compiling system_stm32f10x.c...
compiling misc.c...
compiling stm32f10x_adc.c...
compiling stm32f10x_bkp.c...
compiling stm32f10x_can.c...
compiling stm32f10x_cec.c...
compiling stm32f10x_crc.c...
compiling stm32f10x_dac.c...
compiling stm32f10x_dbgmcu.c...
compiling stm32f10x_dma.c...
compiling stm32f10x_exti.c...
compiling stm32f10x_flash.c...
compiling stm32f10x_fsmc.c...
compiling stm32f10x_gpio.c...
compiling stm32f10x_i2c.c...
compiling stm32f10x_iwdg.c...
compiling stm32f10x_pwr.c...
compiling stm32f10x_rcc.c...
compiling stm32f10x_rtc.c...
compiling stm32f10x_sdio.c...
compiling stm32f10x_spi.c...
compiling stm32f10x_tim.c...
compiling stm32f10x_usart.c...
compiling stm32f10x_wwdg.c...
compiling main.c...
..\..\User\main.c(51): warning:  #177-D: variable "pwm" was declared but never referenced
compiling stm32f10x_it.c...
..\..\User\stm32f10x_it.c(192): warning:  #177-D: variable "pwm_index" was declared but never referenced
..\..\User\stm32f10x_it.c(193): warning:  #177-D: variable "period_cnt" was declared but never referenced
compiling mfc_adc.c...
compiling mfc_usart1.c...
compiling mfc_pid.c...
..\..\User\pid\mfc_pid.c(83): warning:  #186-D: pointless comparison of unsigned integer with zero
compiling mfc_pwm.c...
linking...
Program Size: Code=15032 RO-data=336 RW-data=104 ZI-data=1080  
FromELF: creating hex file...
"..\..\Output\Template.axf" - 0 Errors, 4 Warning(s).
Rebuild target 'adc£¨DMA£©'
assembling startup_stm32f10x_hd.s...
compiling core_cm3.c...
compiling system_stm32f10x.c...
compiling misc.c...
compiling stm32f10x_adc.c...
compiling stm32f10x_bkp.c...
compiling stm32f10x_can.c...
compiling stm32f10x_cec.c...
compiling stm32f10x_crc.c...
compiling stm32f10x_dac.c...
compiling stm32f10x_dbgmcu.c...
compiling stm32f10x_dma.c...
compiling stm32f10x_exti.c...
compiling stm32f10x_flash.c...
compiling stm32f10x_fsmc.c...
compiling stm32f10x_gpio.c...
compiling stm32f10x_i2c.c...
compiling stm32f10x_iwdg.c...
compiling stm32f10x_pwr.c...
compiling stm32f10x_rcc.c...
compiling stm32f10x_rtc.c...
compiling stm32f10x_sdio.c...
compiling stm32f10x_spi.c...
compiling stm32f10x_tim.c...
compiling stm32f10x_usart.c...
compiling stm32f10x_wwdg.c...
compiling main.c...
..\..\User\main.c(51): warning:  #177-D: variable "pwm" was declared but never referenced
compiling stm32f10x_it.c...
..\..\User\stm32f10x_it.c(192): warning:  #177-D: variable "pwm_index" was declared but never referenced
..\..\User\stm32f10x_it.c(193): warning:  #177-D: variable "period_cnt" was declared but never referenced
compiling mfc_adc.c...
compiling mfc_usart1.c...
compiling mfc_pid.c...
..\..\User\pid\mfc_pid.c(83): warning:  #186-D: pointless comparison of unsigned integer with zero
compiling mfc_pwm.c...
linking...
Program Size: Code=15028 RO-data=336 RW-data=104 ZI-data=1080  
FromELF: creating hex file...
"..\..\Output\Template.axf" - 0 Errors, 4 Warning(s).
Rebuild target 'adc£¨DMA£©'
assembling startup_stm32f10x_hd.s...
compiling core_cm3.c...
compiling system_stm32f10x.c...
compiling misc.c...
compiling stm32f10x_adc.c...
compiling stm32f10x_bkp.c...
compiling stm32f10x_can.c...
compiling stm32f10x_cec.c...
compiling stm32f10x_crc.c...
compiling stm32f10x_dac.c...
compiling stm32f10x_dbgmcu.c...
compiling stm32f10x_dma.c...
compiling stm32f10x_exti.c...
compiling stm32f10x_flash.c...
compiling stm32f10x_fsmc.c...
compiling stm32f10x_gpio.c...
compiling stm32f10x_i2c.c...
compiling stm32f10x_iwdg.c...
compiling stm32f10x_pwr.c...
compiling stm32f10x_rcc.c...
compiling stm32f10x_rtc.c...
compiling stm32f10x_sdio.c...
compiling stm32f10x_spi.c...
compiling stm32f10x_tim.c...
compiling stm32f10x_usart.c...
compiling stm32f10x_wwdg.c...
compiling main.c...
..\..\User\main.c(51): warning:  #177-D: variable "pwm" was declared but never referenced
compiling stm32f10x_it.c...
..\..\User\stm32f10x_it.c(192): warning:  #177-D: variable "pwm_index" was declared but never referenced
..\..\User\stm32f10x_it.c(193): warning:  #177-D: variable "period_cnt" was declared but never referenced
compiling mfc_adc.c...
compiling mfc_usart1.c...
compiling mfc_pid.c...
..\..\User\pid\mfc_pid.c(50): error:  #20: identifier "PWM_HIGH_MAX" is undefined
..\..\User\pid\mfc_pid.c(52): error:  #20: identifier "PWM_HIGH_MIN" is undefined
..\..\User\pid\mfc_pid.c(54): warning:  #223-D: function "LoadPWM" declared implicitly
..\..\User\pid\mfc_pid.c(81): error:  #20: identifier "PWM_HIGH_MAX" is undefined
..\..\User\pid\mfc_pid.c(83): error:  #20: identifier "PWM_HIGH_MIN" is undefined
..\..\User\pid\mfc_pid.c(85): warning:  #223-D: function "LoadPWM" declared implicitly
..\..\User\pid\mfc_pid.c(111): warning:  #223-D: function "LoadPWM" declared implicitly
..\..\User\pid\mfc_pid.c(111): error:  #20: identifier "PWM_HIGH_MIN" is undefined
..\..\User\pid\mfc_pid.c(116): warning:  #223-D: function "LoadPWM" declared implicitly
..\..\User\pid\mfc_pid.c(116): error:  #20: identifier "PWM_HIGH_MAX" is undefined
compiling mfc_pwm.c...
..\..\User\pwm\mfc_pwm.c(26): error:  #20: identifier "TIM_TimeBaseInitTypeDef" is undefined
..\..\User\pwm\mfc_pwm.c(27): error:  #20: identifier "NVIC_InitTypeDef" is undefined
..\..\User\pwm\mfc_pwm.c(29): warning:  #223-D: function "RCC_APB1PeriphClockCmd" declared implicitly
..\..\User\pwm\mfc_pwm.c(29): error:  #20: identifier "RCC_APB1Periph_TIM3" is undefined
..\..\User\pwm\mfc_pwm.c(29): error:  #20: identifier "ENABLE" is undefined
..\..\User\pwm\mfc_pwm.c(34): error:  #20: identifier "TIM_CounterMode_Up" is undefined
..\..\User\pwm\mfc_pwm.c(35): warning:  #223-D: function "TIM_TimeBaseInit" declared implicitly
..\..\User\pwm\mfc_pwm.c(35): error:  #20: identifier "TIM3" is undefined
..\..\User\pwm\mfc_pwm.c(37): warning:  #223-D: function "TIM_ITConfig" declared implicitly
..\..\User\pwm\mfc_pwm.c(37): error:  #20: identifier "TIM_IT_Update" is undefined
..\..\User\pwm\mfc_pwm.c(39): error:  #20: identifier "TIM3_IRQn" is undefined
..\..\User\pwm\mfc_pwm.c(43): warning:  #223-D: function "NVIC_Init" declared implicitly
..\..\User\pwm\mfc_pwm.c(45): warning:  #223-D: function "TIM_Cmd" declared implicitly
..\..\User\pwm\mfc_pwm.c(51): warning:  #223-D: function "TIM_GetITStatus" declared implicitly
..\..\User\pwm\mfc_pwm.c(51): error:  #20: identifier "TIM3" is undefined
..\..\User\pwm\mfc_pwm.c(51): error:  #20: identifier "TIM_IT_Update" is undefined
..\..\User\pwm\mfc_pwm.c(51): error:  #20: identifier "RESET" is undefined
..\..\User\pwm\mfc_pwm.c(53): warning:  #223-D: function "TIM_ClearITPendingBit" declared implicitly
..\..\User\pwm\mfc_pwm.c(54): error:  #20: identifier "LED1" is undefined
..\..\User\pwm\mfc_pwm.c(67): error:  #20: identifier "GPIO_InitTypeDef" is undefined
..\..\User\pwm\mfc_pwm.c(68): error:  #20: identifier "TIM_TimeBaseInitTypeDef" is undefined
..\..\User\pwm\mfc_pwm.c(69): error:  #20: identifier "TIM_OCInitTypeDef" is undefined
..\..\User\pwm\mfc_pwm.c(72): warning:  #223-D: function "RCC_APB1PeriphClockCmd" declared implicitly
..\..\User\pwm\mfc_pwm.c(72): error:  #20: identifier "RCC_APB1Periph_TIM3" is undefined
..\..\User\pwm\mfc_pwm.c(72): error:  #20: identifier "ENABLE" is undefined
..\..\User\pwm\mfc_pwm.c(73): warning:  #223-D: function "RCC_APB2PeriphClockCmd" declared implicitly
..\..\User\pwm\mfc_pwm.c(73): error:  #20: identifier "RCC_APB2Periph_GPIOB" is undefined
..\..\User\pwm\mfc_pwm.c(73): error:  #20: identifier "RCC_APB2Periph_AFIO" is undefined
..\..\User\pwm\mfc_pwm.c(75): warning:  #223-D: function "GPIO_PinRemapConfig" declared implicitly
..\..\User\pwm\mfc_pwm.c(75): error:  #20: identifier "GPIO_PartialRemap_TIM3" is undefined
..\..\User\pwm\mfc_pwm.c(78): error:  #20: identifier "GPIO_Pin_5" is undefined
..\..\User\pwm\mfc_pwm.c(79): error:  #20: identifier "GPIO_Mode_AF_PP" is undefined
..\..\User\pwm\mfc_pwm.c(80): error:  #20: identifier "GPIO_Speed_50MHz" is undefined
..\..\User\pwm\mfc_pwm.c(81): warning:  #223-D: function "GPIO_Init" declared implicitly
..\..\User\pwm\mfc_pwm.c(81): error:  #20: identifier "GPIOB" is undefined
..\..\User\pwm\mfc_pwm.c(87): error:  #20: identifier "TIM_CounterMode_Up" is undefined
..\..\User\pwm\mfc_pwm.c(88): warning:  #223-D: function "TIM_TimeBaseInit" declared implicitly
..\..\User\pwm\mfc_pwm.c(88): error:  #20: identifier "TIM3" is undefined
..\..\User\pwm\mfc_pwm.c(91): error:  #20: identifier "TIM_OCMode_PWM2" is undefined
..\..\User\pwm\mfc_pwm.c(92): error:  #20: identifier "TIM_OutputState_Enable" is undefined
..\..\User\pwm\mfc_pwm.c(93): error:  #20: identifier "TIM_OCPolarity_High" is undefined
..\..\User\pwm\mfc_pwm.c(94): warning:  #223-D: function "TIM_OC2Init" declared implicitly
..\..\User\pwm\mfc_pwm.c(96): warning:  #223-D: function "TIM_OC2PreloadConfig" declared implicitly
..\..\User\pwm\mfc_pwm.c(96): error:  #20: identifier "TIM_OCPreload_Enable" is undefined
"..\..\Output\Template.axf" - 36 Errors, 21 Warning(s).
Target not created
Rebuild target 'adc£¨DMA£©'
assembling startup_stm32f10x_hd.s...
compiling core_cm3.c...
compiling system_stm32f10x.c...
compiling misc.c...
compiling stm32f10x_adc.c...
compiling stm32f10x_bkp.c...
compiling stm32f10x_can.c...
compiling stm32f10x_cec.c...
compiling stm32f10x_crc.c...
compiling stm32f10x_dac.c...
compiling stm32f10x_dbgmcu.c...
compiling stm32f10x_dma.c...
compiling stm32f10x_exti.c...
compiling stm32f10x_flash.c...
compiling stm32f10x_fsmc.c...
compiling stm32f10x_gpio.c...
compiling stm32f10x_i2c.c...
compiling stm32f10x_iwdg.c...
compiling stm32f10x_pwr.c...
compiling stm32f10x_rcc.c...
compiling stm32f10x_rtc.c...
compiling stm32f10x_sdio.c...
compiling stm32f10x_spi.c...
compiling stm32f10x_tim.c...
compiling stm32f10x_usart.c...
compiling stm32f10x_wwdg.c...
compiling main.c...
..\..\User\main.c(51): warning:  #177-D: variable "pwm" was declared but never referenced
compiling stm32f10x_it.c...
..\..\User\stm32f10x_it.c(192): warning:  #177-D: variable "pwm_index" was declared but never referenced
..\..\User\stm32f10x_it.c(193): warning:  #177-D: variable "period_cnt" was declared but never referenced
compiling mfc_adc.c...
compiling mfc_usart1.c...
compiling mfc_pid.c...
..\..\User\pid\mfc_pid.c(50): error:  #20: identifier "PWM_HIGH_MAX" is undefined
..\..\User\pid\mfc_pid.c(52): error:  #20: identifier "PWM_HIGH_MIN" is undefined
..\..\User\pid\mfc_pid.c(54): warning:  #223-D: function "LoadPWM" declared implicitly
..\..\User\pid\mfc_pid.c(81): error:  #20: identifier "PWM_HIGH_MAX" is undefined
..\..\User\pid\mfc_pid.c(83): error:  #20: identifier "PWM_HIGH_MIN" is undefined
..\..\User\pid\mfc_pid.c(85): warning:  #223-D: function "LoadPWM" declared implicitly
..\..\User\pid\mfc_pid.c(111): warning:  #223-D: function "LoadPWM" declared implicitly
..\..\User\pid\mfc_pid.c(111): error:  #20: identifier "PWM_HIGH_MIN" is undefined
..\..\User\pid\mfc_pid.c(116): warning:  #223-D: function "LoadPWM" declared implicitly
..\..\User\pid\mfc_pid.c(116): error:  #20: identifier "PWM_HIGH_MAX" is undefined
compiling mfc_pwm.c...
..\..\User\pwm\mfc_pwm.c(54): error:  #20: identifier "LED1" is undefined
"..\..\Output\Template.axf" - 7 Errors, 7 Warning(s).
Target not created
Rebuild target 'adc£¨DMA£©'
assembling startup_stm32f10x_hd.s...
compiling core_cm3.c...
compiling system_stm32f10x.c...
compiling misc.c...
compiling stm32f10x_adc.c...
compiling stm32f10x_bkp.c...
compiling stm32f10x_can.c...
compiling stm32f10x_cec.c...
compiling stm32f10x_crc.c...
compiling stm32f10x_dac.c...
compiling stm32f10x_dbgmcu.c...
compiling stm32f10x_dma.c...
compiling stm32f10x_exti.c...
compiling stm32f10x_flash.c...
compiling stm32f10x_fsmc.c...
compiling stm32f10x_gpio.c...
compiling stm32f10x_i2c.c...
compiling stm32f10x_iwdg.c...
compiling stm32f10x_pwr.c...
compiling stm32f10x_rcc.c...
compiling stm32f10x_rtc.c...
compiling stm32f10x_sdio.c...
compiling stm32f10x_spi.c...
compiling stm32f10x_tim.c...
compiling stm32f10x_usart.c...
compiling stm32f10x_wwdg.c...
compiling main.c...
..\..\User\main.c(51): warning:  #177-D: variable "pwm" was declared but never referenced
compiling stm32f10x_it.c...
..\..\User\stm32f10x_it.c(192): warning:  #177-D: variable "pwm_index" was declared but never referenced
..\..\User\stm32f10x_it.c(193): warning:  #177-D: variable "period_cnt" was declared but never referenced
compiling mfc_adc.c...
compiling mfc_usart1.c...
compiling mfc_pid.c...
compiling mfc_pwm.c...
..\..\User\pwm\mfc_pwm.c(54): error:  #20: identifier "LED1" is undefined
"..\..\Output\Template.axf" - 1 Errors, 3 Warning(s).
Target not created
Rebuild target 'adc£¨DMA£©'
assembling startup_stm32f10x_hd.s...
compiling core_cm3.c...
compiling system_stm32f10x.c...
compiling misc.c...
compiling stm32f10x_adc.c...
compiling stm32f10x_bkp.c...
compiling stm32f10x_can.c...
compiling stm32f10x_cec.c...
compiling stm32f10x_crc.c...
compiling stm32f10x_dac.c...
compiling stm32f10x_dbgmcu.c...
compiling stm32f10x_dma.c...
compiling stm32f10x_exti.c...
compiling stm32f10x_flash.c...
compiling stm32f10x_fsmc.c...
compiling stm32f10x_gpio.c...
compiling stm32f10x_i2c.c...
compiling stm32f10x_iwdg.c...
compiling stm32f10x_pwr.c...
compiling stm32f10x_rcc.c...
compiling stm32f10x_rtc.c...
compiling stm32f10x_sdio.c...
compiling stm32f10x_spi.c...
compiling stm32f10x_tim.c...
compiling stm32f10x_usart.c...
compiling stm32f10x_wwdg.c...
compiling main.c...
compiling stm32f10x_it.c...
compiling mfc_adc.c...
compiling mfc_usart1.c...
compiling mfc_pid.c...
compiling mfc_pwm.c...
linking...
Program Size: Code=15060 RO-data=336 RW-data=64 ZI-data=1080  
FromELF: creating hex file...
"..\..\Output\Template.axf" - 0 Errors, 0 Warning(s).
Rebuild target 'adc£¨DMA£©'
assembling startup_stm32f10x_hd.s...
compiling core_cm3.c...
compiling system_stm32f10x.c...
compiling misc.c...
compiling stm32f10x_adc.c...
compiling stm32f10x_bkp.c...
compiling stm32f10x_can.c...
compiling stm32f10x_cec.c...
compiling stm32f10x_crc.c...
compiling stm32f10x_dac.c...
compiling stm32f10x_dbgmcu.c...
compiling stm32f10x_dma.c...
compiling stm32f10x_exti.c...
compiling stm32f10x_flash.c...
compiling stm32f10x_fsmc.c...
compiling stm32f10x_gpio.c...
compiling stm32f10x_i2c.c...
compiling stm32f10x_iwdg.c...
compiling stm32f10x_pwr.c...
compiling stm32f10x_rcc.c...
compiling stm32f10x_rtc.c...
compiling stm32f10x_sdio.c...
compiling stm32f10x_spi.c...
compiling stm32f10x_tim.c...
compiling stm32f10x_usart.c...
compiling stm32f10x_wwdg.c...
compiling main.c...
compiling stm32f10x_it.c...
compiling mfc_adc.c...
compiling mfc_usart1.c...
compiling mfc_pid.c...
compiling mfc_pwm.c...
linking...
Program Size: Code=15060 RO-data=336 RW-data=64 ZI-data=1080  
FromELF: creating hex file...
"..\..\Output\Template.axf" - 0 Errors, 0 Warning(s).
Rebuild target 'adc£¨DMA£©'
assembling startup_stm32f10x_hd.s...
compiling core_cm3.c...
compiling system_stm32f10x.c...
compiling misc.c...
compiling stm32f10x_adc.c...
compiling stm32f10x_bkp.c...
compiling stm32f10x_can.c...
compiling stm32f10x_cec.c...
compiling stm32f10x_crc.c...
compiling stm32f10x_dac.c...
compiling stm32f10x_dbgmcu.c...
compiling stm32f10x_dma.c...
compiling stm32f10x_exti.c...
compiling stm32f10x_flash.c...
compiling stm32f10x_fsmc.c...
compiling stm32f10x_gpio.c...
compiling stm32f10x_i2c.c...
compiling stm32f10x_iwdg.c...
compiling stm32f10x_pwr.c...
compiling stm32f10x_rcc.c...
compiling stm32f10x_rtc.c...
compiling stm32f10x_sdio.c...
compiling stm32f10x_spi.c...
compiling stm32f10x_tim.c...
compiling stm32f10x_usart.c...
compiling stm32f10x_wwdg.c...
compiling main.c...
compiling stm32f10x_it.c...
compiling mfc_adc.c...
compiling mfc_usart1.c...
compiling mfc_pid.c...
compiling mfc_pwm.c...
linking...
Program Size: Code=15060 RO-data=336 RW-data=64 ZI-data=1080  
FromELF: creating hex file...
"..\..\Output\Template.axf" - 0 Errors, 0 Warning(s).
Rebuild target 'adc£¨DMA£©'
assembling startup_stm32f10x_hd.s...
compiling core_cm3.c...
compiling system_stm32f10x.c...
compiling misc.c...
compiling stm32f10x_adc.c...
compiling stm32f10x_bkp.c...
compiling stm32f10x_can.c...
compiling stm32f10x_cec.c...
compiling stm32f10x_crc.c...
compiling stm32f10x_dac.c...
compiling stm32f10x_dbgmcu.c...
compiling stm32f10x_dma.c...
compiling stm32f10x_exti.c...
compiling stm32f10x_flash.c...
compiling stm32f10x_fsmc.c...
compiling stm32f10x_gpio.c...
compiling stm32f10x_i2c.c...
compiling stm32f10x_iwdg.c...
compiling stm32f10x_pwr.c...
compiling stm32f10x_rcc.c...
compiling stm32f10x_rtc.c...
compiling stm32f10x_sdio.c...
compiling stm32f10x_spi.c...
compiling stm32f10x_tim.c...
compiling stm32f10x_usart.c...
compiling stm32f10x_wwdg.c...
compiling main.c...
compiling stm32f10x_it.c...
compiling mfc_adc.c...
compiling mfc_usart1.c...
compiling mfc_pid.c...
compiling mfc_pwm.c...
linking...
Program Size: Code=15060 RO-data=336 RW-data=64 ZI-data=1080  
FromELF: creating hex file...
"..\..\Output\Template.axf" - 0 Errors, 0 Warning(s).
Rebuild target 'adc£¨DMA£©'
assembling startup_stm32f10x_hd.s...
compiling core_cm3.c...
compiling system_stm32f10x.c...
compiling misc.c...
compiling stm32f10x_adc.c...
compiling stm32f10x_bkp.c...
compiling stm32f10x_can.c...
compiling stm32f10x_cec.c...
compiling stm32f10x_crc.c...
compiling stm32f10x_dac.c...
compiling stm32f10x_dbgmcu.c...
compiling stm32f10x_dma.c...
compiling stm32f10x_exti.c...
compiling stm32f10x_flash.c...
compiling stm32f10x_fsmc.c...
compiling stm32f10x_gpio.c...
compiling stm32f10x_i2c.c...
compiling stm32f10x_iwdg.c...
compiling stm32f10x_pwr.c...
compiling stm32f10x_rcc.c...
compiling stm32f10x_rtc.c...
compiling stm32f10x_sdio.c...
compiling stm32f10x_spi.c...
compiling stm32f10x_tim.c...
compiling stm32f10x_usart.c...
compiling stm32f10x_wwdg.c...
compiling main.c...
compiling stm32f10x_it.c...
compiling mfc_adc.c...
compiling mfc_usart1.c...
compiling mfc_pid.c...
compiling mfc_pwm.c...
linking...
Program Size: Code=14944 RO-data=336 RW-data=64 ZI-data=1080  
FromELF: creating hex file...
"..\..\Output\Template.axf" - 0 Errors, 0 Warning(s).
Rebuild target 'adc£¨DMA£©'
assembling startup_stm32f10x_hd.s...
compiling core_cm3.c...
compiling system_stm32f10x.c...
compiling misc.c...
compiling stm32f10x_adc.c...
compiling stm32f10x_bkp.c...
compiling stm32f10x_can.c...
compiling stm32f10x_cec.c...
compiling stm32f10x_crc.c...
compiling stm32f10x_dac.c...
compiling stm32f10x_dbgmcu.c...
compiling stm32f10x_dma.c...
compiling stm32f10x_exti.c...
compiling stm32f10x_flash.c...
compiling stm32f10x_fsmc.c...
compiling stm32f10x_gpio.c...
compiling stm32f10x_i2c.c...
compiling stm32f10x_iwdg.c...
compiling stm32f10x_pwr.c...
compiling stm32f10x_rcc.c...
compiling stm32f10x_rtc.c...
compiling stm32f10x_sdio.c...
compiling stm32f10x_spi.c...
compiling stm32f10x_tim.c...
compiling stm32f10x_usart.c...
compiling stm32f10x_wwdg.c...
compiling main.c...
compiling stm32f10x_it.c...
compiling mfc_adc.c...
compiling mfc_usart1.c...
compiling mfc_pid.c...
compiling mfc_pwm.c...
..\..\User\pwm\mfc_pwm.c(119): warning:  #1-D: last line of file ends without a newline
linking...
Program Size: Code=15012 RO-data=336 RW-data=64 ZI-data=1080  
FromELF: creating hex file...
"..\..\Output\Template.axf" - 0 Errors, 1 Warning(s).
Rebuild target 'adc£¨DMA£©'
assembling startup_stm32f10x_hd.s...
compiling core_cm3.c...
compiling system_stm32f10x.c...
compiling misc.c...
compiling stm32f10x_adc.c...
compiling stm32f10x_bkp.c...
compiling stm32f10x_can.c...
compiling stm32f10x_cec.c...
compiling stm32f10x_crc.c...
compiling stm32f10x_dac.c...
compiling stm32f10x_dbgmcu.c...
compiling stm32f10x_dma.c...
compiling stm32f10x_exti.c...
compiling stm32f10x_flash.c...
compiling stm32f10x_fsmc.c...
compiling stm32f10x_gpio.c...
compiling stm32f10x_i2c.c...
compiling stm32f10x_iwdg.c...
compiling stm32f10x_pwr.c...
compiling stm32f10x_rcc.c...
compiling stm32f10x_rtc.c...
compiling stm32f10x_sdio.c...
compiling stm32f10x_spi.c...
compiling stm32f10x_tim.c...
compiling stm32f10x_usart.c...
compiling stm32f10x_wwdg.c...
compiling main.c...
compiling stm32f10x_it.c...
compiling mfc_adc.c...
compiling mfc_usart1.c...
compiling mfc_pid.c...
compiling mfc_pwm.c...
..\..\User\pwm\mfc_pwm.c(119): warning:  #1-D: last line of file ends without a newline
linking...
Program Size: Code=15040 RO-data=336 RW-data=64 ZI-data=1080  
FromELF: creating hex file...
"..\..\Output\Template.axf" - 0 Errors, 1 Warning(s).
Rebuild target 'adc£¨DMA£©'
assembling startup_stm32f10x_hd.s...
compiling core_cm3.c...
compiling system_stm32f10x.c...
compiling misc.c...
compiling stm32f10x_adc.c...
compiling stm32f10x_bkp.c...
compiling stm32f10x_can.c...
compiling stm32f10x_cec.c...
compiling stm32f10x_crc.c...
compiling stm32f10x_dac.c...
compiling stm32f10x_dbgmcu.c...
compiling stm32f10x_dma.c...
compiling stm32f10x_exti.c...
compiling stm32f10x_flash.c...
compiling stm32f10x_fsmc.c...
compiling stm32f10x_gpio.c...
compiling stm32f10x_i2c.c...
compiling stm32f10x_iwdg.c...
compiling stm32f10x_pwr.c...
compiling stm32f10x_rcc.c...
compiling stm32f10x_rtc.c...
compiling stm32f10x_sdio.c...
compiling stm32f10x_spi.c...
compiling stm32f10x_tim.c...
compiling stm32f10x_usart.c...
compiling stm32f10x_wwdg.c...
compiling main.c...
compiling stm32f10x_it.c...
compiling mfc_adc.c...
compiling mfc_usart1.c...
compiling mfc_pid.c...
compiling mfc_pwm.c...
linking...
Program Size: Code=15040 RO-data=336 RW-data=64 ZI-data=1080  
FromELF: creating hex file...
"..\..\Output\Template.axf" - 0 Errors, 0 Warning(s).
Rebuild target 'adc£¨DMA£©'
assembling startup_stm32f10x_hd.s...
compiling core_cm3.c...
compiling system_stm32f10x.c...
compiling misc.c...
compiling stm32f10x_adc.c...
compiling stm32f10x_bkp.c...
compiling stm32f10x_can.c...
compiling stm32f10x_cec.c...
compiling stm32f10x_crc.c...
compiling stm32f10x_dac.c...
compiling stm32f10x_dbgmcu.c...
compiling stm32f10x_dma.c...
compiling stm32f10x_exti.c...
compiling stm32f10x_flash.c...
compiling stm32f10x_fsmc.c...
compiling stm32f10x_gpio.c...
compiling stm32f10x_i2c.c...
compiling stm32f10x_iwdg.c...
compiling stm32f10x_pwr.c...
compiling stm32f10x_rcc.c...
compiling stm32f10x_rtc.c...
compiling stm32f10x_sdio.c...
compiling stm32f10x_spi.c...
compiling stm32f10x_tim.c...
compiling stm32f10x_usart.c...
compiling stm32f10x_wwdg.c...
compiling main.c...
compiling stm32f10x_it.c...
compiling mfc_adc.c...
compiling mfc_usart1.c...
compiling mfc_pid.c...
compiling mfc_pwm.c...
linking...
Program Size: Code=15040 RO-data=336 RW-data=64 ZI-data=1080  
FromELF: creating hex file...
"..\..\Output\Template.axf" - 0 Errors, 0 Warning(s).
Rebuild target 'adc£¨DMA£©'
assembling startup_stm32f10x_hd.s...
compiling core_cm3.c...
compiling system_stm32f10x.c...
compiling misc.c...
compiling stm32f10x_adc.c...
compiling stm32f10x_bkp.c...
compiling stm32f10x_can.c...
compiling stm32f10x_cec.c...
compiling stm32f10x_crc.c...
compiling stm32f10x_dac.c...
compiling stm32f10x_dbgmcu.c...
compiling stm32f10x_dma.c...
compiling stm32f10x_exti.c...
compiling stm32f10x_flash.c...
compiling stm32f10x_fsmc.c...
compiling stm32f10x_gpio.c...
compiling stm32f10x_i2c.c...
compiling stm32f10x_iwdg.c...
compiling stm32f10x_pwr.c...
compiling stm32f10x_rcc.c...
compiling stm32f10x_rtc.c...
compiling stm32f10x_sdio.c...
compiling stm32f10x_spi.c...
compiling stm32f10x_tim.c...
compiling stm32f10x_usart.c...
compiling stm32f10x_wwdg.c...
compiling main.c...
compiling stm32f10x_it.c...
compiling mfc_adc.c...
compiling mfc_usart1.c...
compiling mfc_pid.c...
compiling mfc_pwm.c...
linking...
Program Size: Code=15028 RO-data=336 RW-data=64 ZI-data=1080  
FromELF: creating hex file...
"..\..\Output\Template.axf" - 0 Errors, 0 Warning(s).
