<html>
<body>
<pre>
<h1>µVision Build Log</h1>
<h2>Project:</h2>
D:\Development\Sandbox\MFC\MFC-MCUf373\user\MFC.uvproj
Project File Date:  12/31/2016

<h2>Output:</h2>
Rebuild target 'Target 1'
assembling startup_stm32f37x.s...
compiling system_stm32f37x.c...
compiling main.c...
compiling stm32f37x_it.c...
compiling mfc_usart1.c...
compiling mfc_adc.c...
compiling mfc_led.c...
compiling mfc_pid.c...
..\hardware\pid\mfc_pid.c(178): warning:  #68-D: integer conversion resulted in a change of sign
                spid->SumError= spid->SumError>0?spid->sumMax:(-1*spid->sumMax);        
..\hardware\pid\mfc_pid.c: 1 warning, 0 errors
compiling mfc_pwm.c...
compiling mfc_TiMbase.c...
compiling stm32f37x_gpio.c...
compiling stm32f37x_rcc.c...
compiling stm32f37x_usart.c...
compiling stm32f37x_adc.c...
compiling stm32f37x_dma.c...
compiling stm32f37x_sdadc.c...
compiling stm32f37x_tim.c...
compiling stm32f37x_misc.c...
compiling stm32f37x_pwr.c...
linking...
Program Size: Code=15816 RO-data=424 RW-data=96 ZI-data=1104  
FromELF: creating hex file...
"..\bin\MFC.axf" - 0 Error(s), 1 Warning(s).
ng stm32f37x_tim.c...
compiling stm32f37x_misc.c...
compiling stm32f37x_pwr.c...
"..\bin\MFC.axf" - 1 Error(s), 1 Warning(s).
Target not created
s), 2 Warning(s).
 stm32f37x_pwr.c...
"..\bin\MFC.axf" - 2 Error(s), 1 Warning(s).
Target not created
ompiling stm32f37x_rcc.c...
compiling stm32f37x_usart.c...
compiling stm32f37x_adc.c...
compiling stm32f37x_dma.c...
compiling stm32f37x_sdadc.c...
compiling stm32f37x_tim.c...
compiling stm32f37x_misc.c...
compiling stm32f37x_pwr.c...
"..\bin\MFC.axf" - 4 Error(s), 1 Warning(s).
Target not created
