<html>
<body>
<pre>
<h1>µVision Build Log</h1>
<h2>Project:</h2>
D:\Development\Sandbox\MFC\MFC-MCUf373\user\MFC.uvproj
Project File Date:  12/31/2016

<h2>Output:</h2>
Rebuild target 'Target 1'
assembling startup_stm32f37x.s...
compiling system_stm32f37x.c...
compiling main.c...
compiling stm32f37x_it.c...
compiling mfc_usart1.c...
compiling mfc_adc.c...
compiling mfc_led.c...
compiling mfc_pid.c...
compiling mfc_pwm.c...
compiling mfc_TiMbase.c...
compiling stm32f37x_gpio.c...
compiling stm32f37x_rcc.c...
compiling stm32f37x_usart.c...
compiling stm32f37x_adc.c...
compiling stm32f37x_dma.c...
compiling stm32f37x_sdadc.c...
compiling stm32f37x_tim.c...
compiling stm32f37x_misc.c...
compiling stm32f37x_pwr.c...
linking...
Program Size: Code=17584 RO-data=424 RW-data=96 ZI-data=1152  
FromELF: creating hex file...
"..\bin\MFC.axf" - 0 Error(s), 0 Warning(s).
